[trongrace.space/index.html]
[backblue.gif]
[fade.gif]
[index.html]
[trongrace.space/apple-touch-icon.png]
[trongrace.space/favicon-32x32.png]
[trongrace.space/favicon-16x16.png]
[trongrace.space/site.html]
[trongrace.space/safari-pinned-tab.svg]
[trongrace.space/assets/css/style532d532d.css]
[maxst.icons8.com/vue-static/landings/line-awesome/line-awesome/1.3.0/css/line-awesome.min.css]
[stackpath.bootstrapcdn.com/bootstrap/4.5.0/css/bootstrap.min.css]
[code.jquery.com/jquery-3.5.1.min.js]
[stackpath.bootstrapcdn.com/bootstrap/4.5.0/js/bootstrap.min.js]
[trongrace.space/assets/img/tronicon.png]
[trongrace.space/assets/img/icon/item-1.png]
[trongrace.space/assets/img/item-2.png]
[trongrace.space/assets/img/icon/item-3.png]
[trongrace.space/assets/img/icon/signal.png]
[trongrace.space/assets/img/user (6).png]
[trongrace.space/index-2.html]
[trongrace.space/assets/img/logo-footer.png]
[trongrace.space/TronGrace.pdf]
[trongrace.space/assets/img/video.png]
[trongrace.space/assets/img/icon/trans.svg]
[trongrace.space/assets/img/icon/decentralized.svg]
[trongrace.space/assets/img/icon/save.png]
[trongrace.space/assets/img/icon/cube.png]
[trongrace.space/assets/img/coding.png]
[trongrace.space/assets/img/logo-2.png]
[trongrace.space/assets/img/link.png]
[trongrace.space/assets/img/icon/cube-white.png]
[trongrace.space/assets/img/icon/download_(1).png]
[trongrace.space/assets/img/icon/document.png]
[trongrace.space/assets/img/icon/investment.png]
[trongrace.space/assets/img/paper.png]
[trongrace.space/assets/img/icon/high.svg]
[trongrace.space/assets/img/icon/hand.svg]
[trongrace.space/assets/img/icon/incentive.svg]
[trongrace.space/assets/img/icon/money.svg]
[trongrace.space/assets/img/icon/bonus.svg]
[trongrace.space/assets/img/icon/commision.png]
[trongrace.space/assets/img/icon/affiliate-marketing.png]
[trongrace.space/assets/img/icon/paper-plane.png]
[trongrace.space/assets/img/icon/youtube.png]
[trongrace.space/assets/img/icon/robot.png]
[trongrace.space/assets/js/jquery.min.js]
[cdnjs.cloudflare.com/ajax/libs/popper.js/1.12.9/umd/popper.min.js]
[trongrace.space/assets/js/bootstrap.min.js]
[trongrace.space/assets/js/swiper.min.js]
[trongrace.space/assets/js/design532db51f.js]
[trongrace.space/assets/js/designweb30ef5.js]
[unpkg.com/sweetalert/dist/sweetalert.min.30.delayed]
[trongrace.space/index.html]
[trongrace.space/site.html]
[trongrace.space/safari-pinned-tab.svg]
[unpkg.com/sweetalert@2.1.2/dist/sweetalert.min.js]
[trongrace.space/assets/css/bootstrap.min.css]
[trongrace.space/assets/css/font-awesome.min.css]
[trongrace.space/assets/css/swiper.min.css]
[trongrace.space/assets/img/wallet.png]
[trongrace.space/assets/img/header-backogrund.png]
[trongrace.space/assets/img/report-img.png]
[trongrace.space/assets/img/card.png]
[trongrace.space/assets/img/icon/white-dot.png]
[trongrace.space/assets/img/icon/blue-dot.png]
[trongrace.space/assets/img/downloads.png]
[trongrace.space/assets/img/hand.png]
[trongrace.space/assets/img/icon/dot-right.png]
[trongrace.space/assets/img/what-after.png]
[trongrace.space/assets/img/icon/bobble.png]
[trongrace.space/assets/img/footer-background.png]
[trongrace.space/assets/img/social-left-1.png]
[trongrace.space/assets/img/social-left-2.png]
[trongrace.space/assets/img/social-left-3.png]
[trongrace.space/assets/css/style532d532d.css]
[maxst.icons8.com/vue-static/landings/line-awesome/line-awesome/1.3.0/css/line-awesome.min.css]
[stackpath.bootstrapcdn.com/bootstrap/4.5.0/css/bootstrap.min.css]
[trongrace.space/index-2.html]
[trongrace.space/assets/img/icon/trans.svg]
[trongrace.space/assets/img/icon/decentralized.svg]
[trongrace.space/assets/img/icon/high.svg]
[trongrace.space/assets/img/icon/hand.svg]
[trongrace.space/assets/img/icon/incentive.svg]
[trongrace.space/assets/img/icon/money.svg]
[trongrace.space/assets/img/icon/bonus.svg]
[trongrace.space/assets/css/bootstrap.min.css]
[trongrace.space/assets/fonts/fontawesome-webfont3e6e3e6e.eot]
[trongrace.space/assets/fonts/fontawesome-webfontd41dd41d.eot]
[trongrace.space/assets/fonts/fontawesome-webfont3e6e3e6e.woff2]
[trongrace.space/assets/fonts/fontawesome-webfont3e6e3e6e.woff]
[trongrace.space/assets/fonts/fontawesome-webfont3e6e3e6e.ttf]
[trongrace.space/assets/css/font-awesome.min.css]
[trongrace.space/assets/css/swiper.min.css]
[trongrace.space/assets/img/rounder1.html]
[trongrace.space/assets/fonts/fontawesome-webfont3e6e3e6e.svg]
[trongrace.space/assets/fonts/fontawesome-webfont3e6e3e6e.svg]
